// Jest Snapshot v1, https://goo.gl/fbAQLP

exports[`DataTable renders correctly 1`] = `
<Table
  allRowsSelected={false}
  fixedFooter={true}
  fixedHeader={true}
  height="inherit"
  multiSelectable={false}
  selectable={true}
>
  <TableHeader
    adjustForCheckbox={true}
    displaySelectAll={true}
    enableSelectAll={true}
    selectAllSelected={false}
  >
    <TableRow
      displayBorder={true}
      hoverable={false}
      hovered={false}
      selectable={true}
      striped={false}
    >
      <TableHeaderColumn>
        ID
      </TableHeaderColumn>
      <TableHeaderColumn>
        First Name
      </TableHeaderColumn>
      <TableHeaderColumn>
        Last Name
      </TableHeaderColumn>
      <TableHeaderColumn>
        Age
      </TableHeaderColumn>
    </TableRow>
  </TableHeader>
  <TableBody
    allRowsSelected={false}
    deselectOnClickaway={true}
    displayRowCheckbox={true}
    multiSelectable={false}
    preScanRows={true}
    selectable={true}
    style={Object {}}
  >
    <TableRow
      displayBorder={true}
      hoverable={false}
      hovered={false}
      selectable={true}
      striped={false}
    >
      <TableRowColumn
        hoverable={false}
      >
        1234abcd
      </TableRowColumn>
      <TableRowColumn
        hoverable={false}
      >
        Lebron
      </TableRowColumn>
      <TableRowColumn
        hoverable={false}
      >
        James
      </TableRowColumn>
      <TableRowColumn
        hoverable={false}
      >
        32
      </TableRowColumn>
    </TableRow>
    <TableRow
      displayBorder={true}
      hoverable={false}
      hovered={false}
      selectable={true}
      striped={false}
    >
      <TableRowColumn
        hoverable={false}
      >
        2345bcde
      </TableRowColumn>
      <TableRowColumn
        hoverable={false}
      >
        Steph
      </TableRowColumn>
      <TableRowColumn
        hoverable={false}
      >
        Curry
      </TableRowColumn>
      <TableRowColumn
        hoverable={false}
      >
        29
      </TableRowColumn>
    </TableRow>
  </TableBody>
</Table>
`;
